Info: Starting: Create HDL design files for synthesis
Info: qsys-generate C:\qprojects\ipcores\sata_ipcore\hdl\specific\arria10\a10_sata_xcvr_fpll_core\a10_sata_xcvr_fpll_core.qsys --synthesis=VERILOG --output-directory=C:\qprojects\ipcores\sata_ipcore\hdl\specific\arria10\a10_sata_xcvr_fpll_core\a10_sata_xcvr_fpll_core --family="Arria 10" --part=10AS016C3U19E2LG
Progress: Loading a10_sata_xcvr_fpll_core/a10_sata_xcvr_fpll_core.qsys
Progress: Reading input file
Progress: Adding xcvr_fpll_a10_0 [altera_xcvr_fpll_a10 17.1]
Info: altera_xcvr_fpll_a10: NOTE: Modified mcgb tcl package that enables ATX PLL Sharing
Progress: Parameterizing module xcvr_fpll_a10_0
Progress: Building connections
Progress: Parameterizing connections
Progress: Validating
Progress: Done reading input file
Info: a10_sata_xcvr_fpll_core.xcvr_fpll_a10_0: The output frequencies are not exact when the PLL is in fractional mode. You must be cautious with applications that require frequencies to be exact to within less than 0.5 Hz.
Info: a10_sata_xcvr_fpll_core.xcvr_fpll_a10_0: For the selected device(10AS016C3U19E2LG), PLL speed grade is 3.
Info: a10_sata_xcvr_fpll_core: "Transforming system: a10_sata_xcvr_fpll_core"
Info: a10_sata_xcvr_fpll_core: Running transform generation_view_transform
Info: a10_sata_xcvr_fpll_core: Running transform generation_view_transform took 0.000s
Info: xcvr_fpll_a10_0: Running transform generation_view_transform
Info: xcvr_fpll_a10_0: Running transform generation_view_transform took 0.000s
Info: a10_sata_xcvr_fpll_core: Running transform merlin_avalon_transform
Info: a10_sata_xcvr_fpll_core: Running transform merlin_avalon_transform took 0.048s
Info: a10_sata_xcvr_fpll_core: "Naming system components in system: a10_sata_xcvr_fpll_core"
Info: a10_sata_xcvr_fpll_core: "Processing generation queue"
Info: a10_sata_xcvr_fpll_core: "Generating: a10_sata_xcvr_fpll_core"
Info: a10_sata_xcvr_fpll_core: "Generating: altera_xcvr_fpll_a10"
Info: xcvr_fpll_a10_0: add_fileset_file ./twentynm_xcvr_avmm.sv SYSTEM_VERILOG PATH ../../../alt_xcvr_core/nf/twentynm_xcvr_avmm.sv
Info: xcvr_fpll_a10_0: add_fileset_file ./alt_xcvr_resync.sv SYSTEM_VERILOG PATH ../../../../altera_xcvr_generic/ctrl/alt_xcvr_resync.sv
Info: xcvr_fpll_a10_0: add_fileset_file ./altera_xcvr_fpll_a10.sv SYSTEM_VERILOG PATH ../source/altera_xcvr_fpll_a10.sv
Info: xcvr_fpll_a10_0: add_fileset_file ./a10_avmm_h.sv SYSTEM_VERILOG PATH ../../../altera_xcvr_native_phy/altera_xcvr_native_vi/a10_avmm_h.sv
Info: xcvr_fpll_a10_0: add_fileset_file ./alt_xcvr_native_avmm_nf.sv SYSTEM_VERILOG PATH ../../../altera_xcvr_native_phy/altera_xcvr_native_vi/alt_xcvr_native_avmm_nf.sv
Info: xcvr_fpll_a10_0: add_fileset_file ./alt_xcvr_pll_embedded_debug.sv SYSTEM_VERILOG PATH ../../altera_xcvr_atx_pll_vi/source/alt_xcvr_pll_embedded_debug.sv
Info: xcvr_fpll_a10_0: add_fileset_file ./alt_xcvr_pll_avmm_csr.sv SYSTEM_VERILOG PATH ../../altera_xcvr_atx_pll_vi/source/alt_xcvr_pll_avmm_csr.sv
Info: a10_sata_xcvr_fpll_core: Done "a10_sata_xcvr_fpll_core" with 2 modules, 10 files
Info: qsys-generate succeeded.
Info: Finished: Create HDL design files for synthesis
